fileName: <in-memory>
initializers:
- {}
module: Mock
