bindings:
- factoryMethod:
    arguments:
    - attributes: []
      firstName: a
      type:
        simple:
          name: ImplicitInitializer
    generics:
      requirements:
      - isSameType: true
        left:
          simple:
            name: Scope
        right:
          simple:
            name: CustomScope
    modifiers:
    - static
    name: bind
    returnType:
      simple:
        name: Protocol
  kind: Injectable
  scope:
    simple:
      name: CustomScope
  type:
    simple:
      name: Protocol
- factoryMethod:
    arguments:
    - attributes: []
      firstName: a
      type:
        simple:
          name: ImplicitInitializer
    modifiers:
    - static
    name: bind
    returnType:
      simple:
        name: Protocol
  kind: Injectable
  scope:
    simple:
      name: GlobalScope
  type:
    simple:
      name: Protocol
fileName: MockFile
imports:
- path: TestModule
module: Mock
provides:
- accessLevel: internal
  fullName: Mock.ExplicitelyInitialized
  initializer:
    arguments:
    - attributes:
      - '@Inject'
      firstName: a
      type:
        simple:
          name: I
    - attributes: []
      defaultValue: '1'
      firstName: bla
      type:
        simple:
          name: Int
  kind: Injectable
  name: ExplicitelyInitialized
  scope:
    simple:
      name: CustomScope
- accessLevel: internal
  fullName: Mock.ExplicitelyInitialized.Nested
  initializer: {}
  kind: Injectable
  name: Nested
  scope:
    simple:
      name: GlobalScope
- accessLevel: internal
  fullName: Mock.ImplicitInitializer
  initializer:
    arguments:
    - attributes:
      - '@Inject'
      firstName: a
      type:
        simple:
          name: I
    - attributes:
      - '@Assisted'
      firstName: b
      type:
        simple:
          name: Int
    - attributes: []
      defaultValue: '1'
      firstName: bla
      type:
        simple:
          name: Int
  kind: Injectable
  name: ImplicitInitializer
  scope:
    simple:
      name: GlobalScope
scopes:
- name: CustomScope
  parent:
    simple:
      name: GlobalScope
uses:
- arguments:
  - attributes: []
    firstName: a
    type:
      simple:
        name: ImplicitInitializer
- arguments:
  - attributes: []
    firstName: a
    type:
      simple:
        name: ImplicitInitializer
- arguments:
  - attributes:
    - '@Inject'
    firstName: a
    type:
      simple:
        name: I
  - attributes: []
    defaultValue: '1'
    firstName: bla
    type:
      simple:
        name: Int
- arguments: []
- arguments:
  - attributes:
    - '@Inject'
    firstName: a
    type:
      simple:
        name: I
  - attributes:
    - '@Assisted'
    firstName: b
    type:
      simple:
        name: Int
  - attributes: []
    defaultValue: '1'
    firstName: bla
    type:
      simple:
        name: Int
