fileName: <in-memory>
module: Mock
variables:
- isStored: true
  name: variable_ImplicitlyUnwrappedOptional
  type:
    implicitlyUnwrappedOptional:
      baseType:
        simple:
          name: Int
