fileName: <in-memory>
module: Mock
variables:
- isStored: true
  name: variable_Optional
  type:
    optional:
      baseType:
        simple:
          name: Int
