fileName: <in-memory>
module: Mock
types:
- generics:
    parameters:
    - name: A
    requirements:
    - isSameType: false
      left:
        simple:
          name: A
      right:
        simple:
          name: Protocol
  kind: class
  module: Mock
  name: Generic
  scope: Mock
