fileName: <in-memory>
module: Mock
types:
- generics:
    parameters:
    - inheritedType:
        simple:
          name: Equatable
      name: A
  kind: class
  module: Mock
  name: Generic
  scope: Mock
