fileName: <in-memory>
module: Mock
types:
- kind: class
  module: Mock
  name: A
  scope: Mock
