- array:
    element:
      simple:
        name: Int
- array:
    element:
      simple:
        name: Int
