- optional:
    _0:
      simple:
        genericArguments: []
        name: Int
- optional:
    _0:
      simple:
        genericArguments: []
        name: Int
